  error - Methods can't be invoked in constant expressions - lib\features\profile\profile_screen.dart:38:38 - const_eval_method_invocation
